
 RUN  v4.1.9 C:/projects/quereus/packages/plugin-loader


 Test Files  1 passed (1)
      Tests  3 passed (3)
   Start at  06:29:01
   Duration  4.66s (transform 3.67s, setup 0ms, import 4.46s, tests 31ms, environment 0ms)

(node:28424) [DEP0180] DeprecationWarning: fs.Stats constructor is deprecated.
(Use `node --trace-deprecation ...` to show where the warning was created)
[fuzz] QUEREUS_FUZZ_SEED=3924089030 — set this env var to reproduce this run (including any timeout).
(node:28424) ExperimentalWarning: Type Stripping is an experimental feature and might change at any time
(Use `node --trace-warnings ...` to show where the warning was created)
[property-planner] Rule 'predicate-pushdown' never fired across 30 runs
[property-planner] Rule 'projection-pruning' never fired across 30 runs
[property-planner] Rule 'join-key-inference' never fired across 30 runs
[property-planner] Rule 'join-greedy-commute' never fired across 30 runs
[property-planner] Rule 'subquery-decorrelation' never fired across 30 runs
[2J[1;3H
[92m [0m[32m 6481 passing[0m[90m (1m)[0m
[36m [0m[36m 9 pending[0m

(node:64692) [DEP0180] DeprecationWarning: fs.Stats constructor is deprecated.
(Use `node --trace-deprecation ...` to show where the warning was created)
(node:64692) ExperimentalWarning: Type Stripping is an experimental feature and might change at any time
(Use `node --trace-warnings ...` to show where the warning was created)
[2J[1;3H
[92m [0m[32m 137 passing[0m[90m (238ms)[0m

(node:91408) [DEP0180] DeprecationWarning: fs.Stats constructor is deprecated.
(Use `node --trace-deprecation ...` to show where the warning was created)
(node:91408) ExperimentalWarning: Type Stripping is an experimental feature and might change at any time
(Use `node --trace-warnings ...` to show where the warning was created)
[2J[1;3H
[92m [0m[32m 73 passing[0m[90m (159ms)[0m

(node:24424) [DEP0180] DeprecationWarning: fs.Stats constructor is deprecated.
(Use `node --trace-deprecation ...` to show where the warning was created)
(node:24424) ExperimentalWarning: Type Stripping is an experimental feature and might change at any time
(Use `node --trace-warnings ...` to show where the warning was created)
[2J[1;3H
[92m [0m[32m 30 passing[0m[90m (429ms)[0m

(node:92288) [DEP0180] DeprecationWarning: fs.Stats constructor is deprecated.
(Use `node --trace-deprecation ...` to show where the warning was created)
(node:92288) ExperimentalWarning: Type Stripping is an experimental feature and might change at any time
(Use `node --trace-warnings ...` to show where the warning was created)
[2J[1;3H
[92m [0m[32m 17 passing[0m[90m (24ms)[0m

(node:58920) [DEP0180] DeprecationWarning: fs.Stats constructor is deprecated.
(Use `node --trace-deprecation ...` to show where the warning was created)
(node:58920) ExperimentalWarning: Type Stripping is an experimental feature and might change at any time
(Use `node --trace-warnings ...` to show where the warning was created)
[2J[1;3H
[92m [0m[32m 28 passing[0m[90m (9ms)[0m

(node:73144) [DEP0180] DeprecationWarning: fs.Stats constructor is deprecated.
(Use `node --trace-deprecation ...` to show where the warning was created)
(node:73144) ExperimentalWarning: Type Stripping is an experimental feature and might change at any time
(Use `node --trace-warnings ...` to show where the warning was created)
Data change listener error: Error: boom
    at C:\projects\quereus\packages\quereus-store\test\events.spec.ts:94:39
    at StoreEventEmitter.emitDataChange (file:///C:/projects/quereus/packages/quereus-store/src/common/events.ts:103:17)
    at Context.<anonymous> (C:\projects\quereus\packages\quereus-store\test\events.spec.ts:96:12)
    at callFn (C:\projects\quereus\node_modules\mocha\lib\runnable.js:366:21)
    at Runnable.run (C:\projects\quereus\node_modules\mocha\lib\runnable.js:354:5)
    at Runner.runTest (C:\projects\quereus\node_modules\mocha\lib\runner.js:719:10)
    at C:\projects\quereus\node_modules\mocha\lib\runner.js:842:12
    at next (C:\projects\quereus\node_modules\mocha\lib\runner.js:634:14)
    at C:\projects\quereus\node_modules\mocha\lib\runner.js:644:7
    at next (C:\projects\quereus\node_modules\mocha\lib\runner.js:527:14)
    at Immediate._onImmediate (C:\projects\quereus\node_modules\mocha\lib\runner.js:612:5)
    at process.processImmediate (node:internal/timers:505:21)
[StoreModule] lens-deployment listener failed for logical schema 'app'; lifecycle bookkeeping skipped: bookkeeping-bug
[StoreModule] lens-deployment listener failed for logical schema 'app'; lifecycle bookkeeping skipped: async-bookkeeping-bug
[StoreModule] lens-deployment listener failed for logical schema 'app'; lifecycle bookkeeping skipped: bookkeeping-bug
[StoreModule] Failed to rehydrate DDL entry, skipping: materialized view 'main.mv' has 2 declared columns but body produces 3
  DDL: CREATE TABLE "main"."mv" ("a" INTEGER NOT NULL PRIMARY KEY, "b" INTEGER NOT NULL) USING store maintained (a, b) as selec
[StoreModule] Failed to rehydrate DDL entry, skipping: materialized view 'main.mv' has 2 declared columns but body produces 3
  DDL: CREATE TABLE "main"."mv" ("a" INTEGER NOT NULL PRIMARY KEY, "b" INTEGER NOT NULL) USING store maintained (a, b) as selec
[StoreModule] Failed to rehydrate DDL entry, skipping: materialized view 'mv' cannot be materialized: its body is non-deterministic (IS NOT NULL random()); a materialized view body must be reproducible to stay equal to its plain view (set `pragma nondeterministic_schema` to override). For this body, use a plain 'create view' (live re-evaluation) or 'create table ... as <body>' (a one-off snapshot)
  DDL: create materialized view main.mv using store as select id, v from src where random() is not null
[StoreModule] clean-shutdown marker payload is not a string array; refilling all backings.
[TransactionCoordinator] rollback-to savepoint depth 0 out of range (stack size: 0); transaction was committed out from under it
[TransactionCoordinator] rollback-to savepoint depth 0 out of range (stack size: 0); transaction was committed out from under it
[StoreModule] Failed to rehydrate DDL entry, skipping: Expected statement type (SELECT, INSERT, UPDATE, DELETE, VALUES, CREATE, etc.), got 'THIS'. (at line 1, column 1)
  DDL: THIS IS NOT VALID SQL
[StoreModule] Failed to rehydrate DDL entry, skipping: Index 'uq_vin' not found in schema 'main'
  DDL: CREATE TABLE "main"."t" ("id" INTEGER NOT NULL PRIMARY KEY, "vin" TEXT NOT NULL, constraint uq_vin unique (vin)) USING s
[TransactionCoordinator] rollback-to savepoint depth 5 out of range (stack size: 0); transaction was committed out from under it
[TransactionCoordinator] rollback-to savepoint depth 0 out of range (stack size: 0); transaction was committed out from under it
[TransactionCoordinator] release savepoint depth 1 out of range (stack size: 0); transaction was committed out from under it
[TransactionCoordinator] rollback-to savepoint depth 5 out of range (stack size: 1); transaction was committed out from under it
[StoreModule] Failed to rehydrate DDL entry, skipping: Table 'memsrc' not found in schema path: main
  DDL: CREATE TABLE "main"."mvm" ("id" INTEGER NOT NULL PRIMARY KEY, "v" INTEGER NOT NULL) maintained as select id, v from mems
[StoreModule] Failed to rehydrate DDL entry, skipping: materialized view 'bad' cannot be materialized: it projects a non-deterministic expression column 'r' (random()); a row-time backing value must be reproducible from the source row. For this body, use a plain 'create view' (live re-evaluation) or 'create table ... as <body>' (a one-off snapshot)
  DDL: create materialized view main.bad as select id, random() as r from base
[2J[1;3H
[92m [0m[32m 675 passing[0m[90m (994ms)[0m

(node:42412) [DEP0180] DeprecationWarning: fs.Stats constructor is deprecated.
(Use `node --trace-deprecation ...` to show where the warning was created)
(node:42412) ExperimentalWarning: Type Stripping is an experimental feature and might change at any time
(Use `node --trace-warnings ...` to show where the warning was created)
[Sync] recordLensDeployment: basis 'store' hash drifted out-of-band (recorded h, current h2)
[Sync] recordLensDeployment: basis 'store' hash drifted out-of-band (recorded h, current h2)
[Sync] recordLensDeployment: basis 'store' hash drifted out-of-band (recorded h, current h2)
[Sync] recordLensDeployment: basis 'store' hash drifted out-of-band (recorded h, current h2)
[Sync] recordLensDeployment: basis 'store' hash drifted out-of-band (recorded h, current h2)
[Sync] recordLensDeployment: basis 'store' hash drifted out-of-band (recorded h, current h2)
[Sync] recordLensDeployment: basis 'store' hash drifted out-of-band (recorded h, current h2)
[Sync] recordLensDeployment: basis 'store' hash drifted out-of-band (recorded h, current h2)
[Sync] recordLensDeployment: basis 'store' hash drifted out-of-band (recorded h2, current h3)
[Sync] recordLensDeployment: basis 'store' hash drifted out-of-band (recorded h, current h2)
[Sync] evictExpiredBasisTables: dropLocalTable failed for 'store.Contact_v1'; record retained for retry: reclaim failed (test)
[Sync] recordLensDeployment: basis 'store' hash drifted out-of-band (recorded h, current h2)
[Sync] recordLensDeployment: basis 'store' hash drifted out-of-band (recorded h, current h2)
[Sync] recordLensDeployment: basis 'store' hash drifted out-of-band (recorded h, current h2)
[Sync] recordLensDeployment: basis 'store' hash drifted out-of-band (recorded h, current h2)
[Sync] recordLensDeployment: basis schema 'unknown' not found; basis membership treated as empty
[Sync] recordLensDeployment: basis 'main' hash drifted out-of-band (recorded h1, current h2)
[Sync] recordLensDeployment: basis 'main' hash drifted out-of-band (recorded h2, current h3)
[Sync] recordLensDeployment: basis 'main' hash drifted out-of-band (recorded h1, current h2)
[Sync] recordLensDeployment: basis 'main' hash drifted out-of-band (recorded h2, current h3)
[Sync] recordLensDeployment: basis 'main' hash drifted out-of-band (recorded h1, current h2)
[Sync] recordLensDeployment: basis 'main' hash drifted out-of-band (recorded h1, current h2)
[Sync] recordLensDeployment: basis 'main' hash drifted out-of-band (recorded h2, current h3)
[Sync] recordLensDeployment: basis 'main' hash drifted out-of-band (recorded h1, current h2)
[Sync] recordLensDeployment: basis 'main' hash drifted out-of-band (recorded h2, current h3)
[Sync] drainReappearedTables failed for main.orders (advisory; held entries stay held for the periodic sweep): drain apply failed (test)
[Sync] recordLensDeployment: basis 'store' hash drifted out-of-band (recorded h, current h2)
[Sync] Oversized transaction 1783513865144:0:lqkT_MgKQpuEHd2szRJpKw: 2 changes exceed batchSize 1; returned as one ChangeSet
[Sync] Oversized transaction 1783513865237:0:MSVHUO4USMuRttZOsuju2A: 2 changes exceed batchSize 1; returned as one ChangeSet
[Sync] Oversized transaction 1783513866258:1:f9eZTEJ-SDqg13WNyjpDoQ: 2 changes exceed batchSize 1; returned as one ChangeSet
[Sync] Error handling transaction commit: Error: batch write failed
    at batch.write (C:\projects\quereus\packages\quereus-sync\test\sync\sync-manager.spec.ts:1662:43)
    at SyncManagerImpl.handleTransactionCommit (file:///C:/projects/quereus/packages/quereus-sync/src/sync/sync-manager-impl.ts:535:27)
[Sync] Error handling transaction commit: Error: iterate failed
    at failingKv.iterate (C:\projects\quereus\packages\quereus-sync\test\sync\sync-manager.spec.ts:1694:15)
    at SchemaMigrationStore.getCurrentVersion (file:///C:/projects/quereus/packages/quereus-sync/src/metadata/schema-migration.ts:96:43)
    at SyncManagerImpl.recordSchemaMigration (file:///C:/projects/quereus/packages/quereus-sync/src/sync/sync-manager-impl.ts:564:51)
    at SyncManagerImpl.handleTransactionCommit (file:///C:/projects/quereus/packages/quereus-sync/src/sync/sync-manager-impl.ts:528:28)
    at file:///C:/projects/quereus/packages/quereus-sync/src/sync/sync-manager-impl.ts:163:26
    at FakeTransactionSource.commit (file:///C:/projects/quereus/packages/quereus-sync/test/helpers/fake-transaction-source.ts:30:13)
    at FakeTransactionSource.commitSchema (file:///C:/projects/quereus/packages/quereus-sync/test/helpers/fake-transaction-source.ts:38:14)
    at Context.<anonymous> (C:\projects\quereus\packages\quereus-sync\test\sync\sync-manager.spec.ts:1697:14)
[2J[1;3HChanges to coordinator: 2 changesets
  Schema migrations: 1
  Data changes: 0
Coordinator apply result: { applied: 3, skipped: 0, conflicts: 0, transactions: 2 }
Browser B apply result: { applied: 3, skipped: 0, conflicts: 0, transactions: 2 }
Browser B data changes: 2
[Sync] drainReappearedTables failed for main.orders (advisory; held entries stay held for the periodic sweep): drain apply failed (test)

[92m [0m[32m 429 passing[0m[90m (8s)[0m

(node:6616) [DEP0180] DeprecationWarning: fs.Stats constructor is deprecated.
(Use `node --trace-deprecation ...` to show where the warning was created)
(node:6616) ExperimentalWarning: Type Stripping is an experimental feature and might change at any time
(Use `node --trace-warnings ...` to show where the warning was created)
Unknown sync message type: unknown_type
[2J[1;3H
[92m [0m[32m 49 passing[0m[90m (1s)[0m

(node:83300) [DEP0180] DeprecationWarning: fs.Stats constructor is deprecated.
(Use `node --trace-deprecation ...` to show where the warning was created)
(node:83300) ExperimentalWarning: Type Stripping is an experimental feature and might change at any time
(Use `node --trace-warnings ...` to show where the warning was created)
[2J[1;3H
[92m [0m[32m 31 passing[0m[90m (32ms)[0m


 RUN  v4.1.9 C:/projects/quereus/packages/quoomb-cli

No test files found, exiting with code 0

include: **/*.{test,spec}.?(c|m)[jt]s?(x)
exclude:  **/node_modules/**, **/.git/**


 RUN  v4.1.9 C:/projects/quereus/packages/quoomb-web


 Test Files  5 passed (5)
      Tests  74 passed (74)
   Start at  06:31:34
   Duration  5.53s (transform 4.08s, setup 0ms, import 5.77s, tests 42ms, environment 0ms)

(node:36444) [DEP0180] DeprecationWarning: fs.Stats constructor is deprecated.
(Use `node --trace-deprecation ...` to show where the warning was created)
(node:36444) ExperimentalWarning: Type Stripping is an experimental feature and might change at any time
(Use `node --trace-warnings ...` to show where the warning was created)
[2J[1;3H
[92m [0m[32m 34 passing[0m[90m (74ms)[0m


 RUN  v4.1.9 C:/projects/quereus/packages/shared-ui

No test files found, exiting with code 0

include: **/*.{test,spec}.?(c|m)[jt]s?(x)
exclude:  **/node_modules/**, **/.git/**

(node:95140) [DEP0180] DeprecationWarning: fs.Stats constructor is deprecated.
(Use `node --trace-deprecation ...` to show where the warning was created)
(node:95140) ExperimentalWarning: Type Stripping is an experimental feature and might change at any time
(Use `node --trace-warnings ...` to show where the warning was created)
[2J[1;3HSync coordinator listening at http://127.0.0.1:60326/sync
Sync coordinator listening at http://127.0.0.1:60328/sync
Sync coordinator listening at http://127.0.0.1:60331/sync

[92m [0m[32m 125 passing[0m[90m (4s)[0m

Done in 3m 10s
